// Jest Snapshot v1, https://goo.gl/fbAQLP

exports[`<PageTitle /> renders PageTitle 1`] = `
<header
  className="mantine-1fvi2kf"
>
  <a
    href="https://bbc.co.uk"
    onClick={[Function]}
    onMouseEnter={[Function]}
    onTouchStart={[Function]}
  >
    <div
      className="mantine-1e5u164"
    >
      <test-file-stub
        color="#000000"
      />
    </div>
  </a>
  <h1
    className="mantine-Text-root mantine-Title-root mantine-57g7lp"
  >
    test
  </h1>
</header>
`;
