// Jest Snapshot v1, https://goo.gl/fbAQLP

exports[`<CheckEmail /> renders 1`] = `
<div
  className="mantine-16jzalw"
/>
`;
