// Jest Snapshot v1, https://goo.gl/fbAQLP

exports[`<Home /> renders outline variant 1`] = `
.emotion-0 {
  height: 100%;
  display: -webkit-box;
  display: -webkit-flex;
  display: -ms-flexbox;
  display: flex;
  -webkit-align-items: center;
  -webkit-box-align: center;
  -ms-flex-align: center;
  align-items: center;
  -webkit-box-pack: center;
  -ms-flex-pack: center;
  -webkit-justify-content: center;
  justify-content: center;
}

<div
  className="emotion-0"
/>
`;
