// Jest Snapshot v1, https://goo.gl/fbAQLP

exports[`<Layout /> should render 1`] = `
{
  "asFragment": [Function],
  "baseElement": @media print {
  .emotion-0 {
    display: none;
  }
}

.emotion-2 {
  display: -webkit-box;
  display: -webkit-flex;
  display: -ms-flexbox;
  display: flex;
  -webkit-align-items: center;
  -webkit-box-align: center;
  -ms-flex-align: center;
  align-items: center;
  -webkit-box-pack: center;
  -ms-flex-pack: center;
  -webkit-justify-content: center;
  justify-content: center;
}

.emotion-3 {
  position: absolute;
  right: 60px;
}

<body>
    <div>
      <div
        style="width: 100%; height: 100%;"
      >
        <header
          class="emotion-0 emotion-1"
          style="background-color: rgb(239, 239, 241); border-bottom: 1px solid #D5D5D5; width: 100%; padding: 2rem; text-align: center; position: relative; margin: 0px;"
        >
          <div
            class="emotion-2"
          >
            <div
              class="emotion-3"
            >
              <a
                href="/auth/signout"
              >
                Logout
              </a>
            </div>
          </div>
        </header>
        header
        <main
          style="padding: 24px 64px; margin: 0px; height: auto; min-height: calc(100% - 65px); width: 100%; background-color: rgb(251, 251, 251);"
        />
      </div>
    </div>
  </body>,
  "container": @media print {
  .emotion-0 {
    display: none;
  }
}

.emotion-2 {
  display: -webkit-box;
  display: -webkit-flex;
  display: -ms-flexbox;
  display: flex;
  -webkit-align-items: center;
  -webkit-box-align: center;
  -ms-flex-align: center;
  align-items: center;
  -webkit-box-pack: center;
  -ms-flex-pack: center;
  -webkit-justify-content: center;
  justify-content: center;
}

.emotion-3 {
  position: absolute;
  right: 60px;
}

<div>
    <div
      style="width: 100%; height: 100%;"
    >
      <header
        class="emotion-0 emotion-1"
        style="background-color: rgb(239, 239, 241); border-bottom: 1px solid #D5D5D5; width: 100%; padding: 2rem; text-align: center; position: relative; margin: 0px;"
      >
        <div
          class="emotion-2"
        >
          <div
            class="emotion-3"
          >
            <a
              href="/auth/signout"
            >
              Logout
            </a>
          </div>
        </div>
      </header>
      header
      <main
        style="padding: 24px 64px; margin: 0px; height: auto; min-height: calc(100% - 65px); width: 100%; background-color: rgb(251, 251, 251);"
      />
    </div>
  </div>,
  "debug": [Function],
  "findAllByAltText": [Function],
  "findAllByDisplayValue": [Function],
  "findAllByLabelText": [Function],
  "findAllByPlaceholderText": [Function],
  "findAllByRole": [Function],
  "findAllByTestId": [Function],
  "findAllByText": [Function],
  "findAllByTitle": [Function],
  "findByAltText": [Function],
  "findByDisplayValue": [Function],
  "findByLabelText": [Function],
  "findByPlaceholderText": [Function],
  "findByRole": [Function],
  "findByTestId": [Function],
  "findByText": [Function],
  "findByTitle": [Function],
  "getAllByAltText": [Function],
  "getAllByDisplayValue": [Function],
  "getAllByLabelText": [Function],
  "getAllByPlaceholderText": [Function],
  "getAllByRole": [Function],
  "getAllByTestId": [Function],
  "getAllByText": [Function],
  "getAllByTitle": [Function],
  "getByAltText": [Function],
  "getByDisplayValue": [Function],
  "getByLabelText": [Function],
  "getByPlaceholderText": [Function],
  "getByRole": [Function],
  "getByTestId": [Function],
  "getByText": [Function],
  "getByTitle": [Function],
  "queryAllByAltText": [Function],
  "queryAllByDisplayValue": [Function],
  "queryAllByLabelText": [Function],
  "queryAllByPlaceholderText": [Function],
  "queryAllByRole": [Function],
  "queryAllByTestId": [Function],
  "queryAllByText": [Function],
  "queryAllByTitle": [Function],
  "queryByAltText": [Function],
  "queryByDisplayValue": [Function],
  "queryByLabelText": [Function],
  "queryByPlaceholderText": [Function],
  "queryByRole": [Function],
  "queryByTestId": [Function],
  "queryByText": [Function],
  "queryByTitle": [Function],
  "rerender": [Function],
  "unmount": [Function],
}
`;
