// Jest Snapshot v1, https://goo.gl/fbAQLP

exports[`<Notification /> should render 1`] = `
{
  "asFragment": [Function],
  "baseElement": .emotion-0 {
  padding-right: 2.5rem;
  padding-left: 2.5rem;
  padding-top: 1rem;
  padding-bottom: 1rem;
  background: #FFF3BF;
  width: 100%;
}

.emotion-1 {
  display: -webkit-box;
  display: -webkit-flex;
  display: -ms-flexbox;
  display: flex;
  gap: 0.5rem;
  -webkit-align-items: center;
  -webkit-box-align: center;
  -ms-flex-align: center;
  align-items: center;
}

.emotion-3 {
  font-family: -apple-system,BlinkMacSystemFont,Segoe UI,Roboto,Helvetica,Arial,sans-serif,Apple Color Emoji,Segoe UI Emoji;
  -webkit-tap-highlight-color: transparent;
  color: inherit;
  font-size: inherit;
  line-height: 1.55;
  -webkit-text-decoration: none;
  text-decoration: none;
}

.emotion-3:focus {
  outline-offset: 0.125rem;
  outline: 0.125rem solid #339af0;
}

.emotion-3:focus:not(:focus-visible) {
  outline: none;
}

<body>
    <div>
      <div
        class="emotion-0"
      >
        <div
          class="emotion-1"
        >
          <div
            class="emotion-2 emotion-3"
          >
            a
          </div>
        </div>
      </div>
    </div>
  </body>,
  "container": .emotion-0 {
  padding-right: 2.5rem;
  padding-left: 2.5rem;
  padding-top: 1rem;
  padding-bottom: 1rem;
  background: #FFF3BF;
  width: 100%;
}

.emotion-1 {
  display: -webkit-box;
  display: -webkit-flex;
  display: -ms-flexbox;
  display: flex;
  gap: 0.5rem;
  -webkit-align-items: center;
  -webkit-box-align: center;
  -ms-flex-align: center;
  align-items: center;
}

.emotion-3 {
  font-family: -apple-system,BlinkMacSystemFont,Segoe UI,Roboto,Helvetica,Arial,sans-serif,Apple Color Emoji,Segoe UI Emoji;
  -webkit-tap-highlight-color: transparent;
  color: inherit;
  font-size: inherit;
  line-height: 1.55;
  -webkit-text-decoration: none;
  text-decoration: none;
}

.emotion-3:focus {
  outline-offset: 0.125rem;
  outline: 0.125rem solid #339af0;
}

.emotion-3:focus:not(:focus-visible) {
  outline: none;
}

<div>
    <div
      class="emotion-0"
    >
      <div
        class="emotion-1"
      >
        <div
          class="emotion-2 emotion-3"
        >
          a
        </div>
      </div>
    </div>
  </div>,
  "debug": [Function],
  "findAllByAltText": [Function],
  "findAllByDisplayValue": [Function],
  "findAllByLabelText": [Function],
  "findAllByPlaceholderText": [Function],
  "findAllByRole": [Function],
  "findAllByTestId": [Function],
  "findAllByText": [Function],
  "findAllByTitle": [Function],
  "findByAltText": [Function],
  "findByDisplayValue": [Function],
  "findByLabelText": [Function],
  "findByPlaceholderText": [Function],
  "findByRole": [Function],
  "findByTestId": [Function],
  "findByText": [Function],
  "findByTitle": [Function],
  "getAllByAltText": [Function],
  "getAllByDisplayValue": [Function],
  "getAllByLabelText": [Function],
  "getAllByPlaceholderText": [Function],
  "getAllByRole": [Function],
  "getAllByTestId": [Function],
  "getAllByText": [Function],
  "getAllByTitle": [Function],
  "getByAltText": [Function],
  "getByDisplayValue": [Function],
  "getByLabelText": [Function],
  "getByPlaceholderText": [Function],
  "getByRole": [Function],
  "getByTestId": [Function],
  "getByText": [Function],
  "getByTitle": [Function],
  "queryAllByAltText": [Function],
  "queryAllByDisplayValue": [Function],
  "queryAllByLabelText": [Function],
  "queryAllByPlaceholderText": [Function],
  "queryAllByRole": [Function],
  "queryAllByTestId": [Function],
  "queryAllByText": [Function],
  "queryAllByTitle": [Function],
  "queryByAltText": [Function],
  "queryByDisplayValue": [Function],
  "queryByLabelText": [Function],
  "queryByPlaceholderText": [Function],
  "queryByRole": [Function],
  "queryByTestId": [Function],
  "queryByText": [Function],
  "queryByTitle": [Function],
  "rerender": [Function],
  "unmount": [Function],
}
`;
