// Jest Snapshot v1, https://goo.gl/fbAQLP

exports[`BookingCard component test renders correctly 1`] = `
.emotion-0 {
  display: -webkit-box;
  display: -webkit-flex;
  display: -ms-flexbox;
  display: flex;
  -webkit-flex-direction: column;
  -ms-flex-direction: column;
  flex-direction: column;
  -webkit-box-flex-wrap: nowrap;
  -webkit-flex-wrap: nowrap;
  -ms-flex-wrap: nowrap;
  flex-wrap: nowrap;
  width: 343px;
  -webkit-transition: 0.3s;
  transition: 0.3s;
  margin: 0;
  background-color: #fff;
  border-top: 2px solid #c8c9ca;
  border-radius: 4px;
  border: 2px solid #c8c9ca;
  padding: 1rem;
}

.emotion-1 {
  position: relative;
}

.emotion-2 {
  width: 100%;
  height: 100%;
  float: left;
}

.emotion-5 {
  display: -webkit-box;
  display: -webkit-flex;
  display: -ms-flexbox;
  display: flex;
  -webkit-flex-direction: column;
  -ms-flex-direction: column;
  flex-direction: column;
  -webkit-align-items: stretch;
  -webkit-box-align: stretch;
  -ms-flex-align: stretch;
  align-items: stretch;
  -webkit-box-pack: start;
  -ms-flex-pack: start;
  -webkit-justify-content: flex-start;
  justify-content: flex-start;
  gap: 0rem;
}

.emotion-6 {
  border-radius: 5px 5px 0 0;
}

.emotion-7 {
  display: -webkit-box;
  display: -webkit-flex;
  display: -ms-flexbox;
  display: flex;
  -webkit-flex-direction: column;
  -ms-flex-direction: column;
  flex-direction: column;
}

.emotion-7 .card-title {
  margin-top: 8px;
  font-size: 24px;
  line-height: 1.429em;
}

.emotion-10 {
  font-family: -apple-system,BlinkMacSystemFont,Segoe UI,Roboto,Helvetica,Arial,sans-serif,Apple Color Emoji,Segoe UI Emoji;
  -webkit-tap-highlight-color: transparent;
  color: inherit;
  font-size: inherit;
  line-height: 1.55;
  -webkit-text-decoration: none;
  text-decoration: none;
  font-family: -apple-system,BlinkMacSystemFont,Segoe UI,Roboto,Helvetica,Arial,sans-serif,Apple Color Emoji,Segoe UI Emoji;
  font-weight: 700;
  font-size: 2.125rem;
  line-height: 1.3;
  margin: 0;
  font-weight: 600;
}

.emotion-10:focus {
  outline-offset: 0.125rem;
  outline: 0.125rem solid #339af0;
}

.emotion-10:focus:not(:focus-visible) {
  outline: none;
}

.emotion-12 {
  display: -webkit-box;
  display: -webkit-flex;
  display: -ms-flexbox;
  display: flex;
  -webkit-flex-direction: column;
  -ms-flex-direction: column;
  flex-direction: column;
  -webkit-align-items: stretch;
  -webkit-box-align: stretch;
  -ms-flex-align: stretch;
  align-items: stretch;
  -webkit-box-pack: start;
  -ms-flex-pack: start;
  -webkit-justify-content: flex-start;
  justify-content: flex-start;
  gap: 0.25rem;
}

.emotion-14 {
  font-family: -apple-system,BlinkMacSystemFont,Segoe UI,Roboto,Helvetica,Arial,sans-serif,Apple Color Emoji,Segoe UI Emoji;
  -webkit-tap-highlight-color: transparent;
  color: inherit;
  font-size: 1rem;
  line-height: 1.55;
  -webkit-text-decoration: none;
  text-decoration: none;
  margin-top: 0.5rem;
}

.emotion-14:focus {
  outline-offset: 0.125rem;
  outline: 0.125rem solid #339af0;
}

.emotion-14:focus:not(:focus-visible) {
  outline: none;
}

.emotion-16 {
  font-family: -apple-system,BlinkMacSystemFont,Segoe UI,Roboto,Helvetica,Arial,sans-serif,Apple Color Emoji,Segoe UI Emoji;
  -webkit-tap-highlight-color: transparent;
  color: inherit;
  font-size: 1rem;
  line-height: 1.55;
  -webkit-text-decoration: none;
  text-decoration: none;
}

.emotion-16:focus {
  outline-offset: 0.125rem;
  outline: 0.125rem solid #339af0;
}

.emotion-16:focus:not(:focus-visible) {
  outline: none;
}

.emotion-20 {
  -webkit-tap-highlight-color: transparent;
  font-family: -apple-system,BlinkMacSystemFont,Segoe UI,Roboto,Helvetica,Arial,sans-serif,Apple Color Emoji,Segoe UI Emoji;
  font-size: 0.6875rem;
  height: 1.25rem;
  line-height: calc(1.25rem - 0.125rem);
  -webkit-text-decoration: none;
  text-decoration: none;
  padding: 0 calc(1rem / 1.5);
  box-sizing: border-box;
  display: -webkit-inline-box;
  display: -webkit-inline-flex;
  display: -ms-inline-flexbox;
  display: inline-flex;
  -webkit-align-items: center;
  -webkit-box-align: center;
  -ms-flex-align: center;
  align-items: center;
  -webkit-box-pack: center;
  -ms-flex-pack: center;
  -webkit-justify-content: center;
  justify-content: center;
  width: auto;
  text-transform: uppercase;
  border-radius: 2rem;
  font-weight: 700;
  letter-spacing: 0.015625rem;
  cursor: inherit;
  text-overflow: ellipsis;
  overflow: hidden;
  background: rgba(231, 245, 255, 1);
  color: #228be6;
  border: 0.0625rem solid transparent;
  border-radius: 4px;
  text-transform: none;
  font-size: 14px;
  line-height: 24;
  font-weight: 400;
  color: #25262B;
  padding: 12px 8px;
  background-color: #E3F1D0;
  border: 2px solid #74B816;
  overflow: visible;
  -webkit-align-self: flex-start;
  -ms-flex-item-align: flex-start;
  align-self: flex-start;
  margin-top: 0.75rem;
  height: 1.5rem;
}

.emotion-20:focus {
  outline-offset: 0.125rem;
  outline: 0.125rem solid #339af0;
}

.emotion-20:focus:not(:focus-visible) {
  outline: none;
}

.emotion-21 {
  white-space: nowrap;
  overflow: hidden;
  text-overflow: ellipsis;
}

.emotion-24 {
  box-sizing: border-box;
  display: -webkit-box;
  display: -webkit-flex;
  display: -ms-flexbox;
  display: flex;
  -webkit-flex-direction: row;
  -ms-flex-direction: row;
  flex-direction: row;
  -webkit-align-items: center;
  -webkit-box-align: center;
  -ms-flex-align: center;
  align-items: center;
  -webkit-box-flex-wrap: wrap;
  -webkit-flex-wrap: wrap;
  -ms-flex-wrap: wrap;
  flex-wrap: wrap;
  -webkit-box-pack: start;
  -ms-flex-pack: start;
  -webkit-justify-content: flex-start;
  justify-content: flex-start;
  gap: 1rem;
}

.emotion-24>* {
  box-sizing: border-box;
  -webkit-box-flex: 0;
  -webkit-flex-grow: 0;
  -ms-flex-positive: 0;
  flex-grow: 0;
}

<div
  class="emotion-0"
  data-testid="booking-card-wrapper"
>
  <div
    class="emotion-1"
  >
    <img
      alt="Booking Test"
      class="emotion-2"
      src="https://preview.redd.it/w3kr4m2fi3111.png?auto=webp&v=enabled&s=670db506318b4c312b529c49c50e8a8c8423be21"
    />
  </div>
  <div
    class="emotion-3"
  >
    <div
      class="emotion-4 emotion-5"
    >
      <div
        class="emotion-6"
      >
        <div
          class="emotion-7"
        >
          <h1
            class="emotion-8 emotion-9 card-title emotion-10"
          >
            Booking Test
          </h1>
          <div
            class="emotion-4 emotion-12"
          >
            <div
              class="emotion-8 emotion-14"
            >
              London
            </div>
            <div
              class="emotion-8 emotion-16"
            >
              9 May 2023
            </div>
            <div
              class="emotion-8 emotion-16"
            >
              10:00
               lounge arrival time
            </div>
            <div
              class="emotion-19 emotion-20"
            >
              <span
                class="emotion-21 emotion-22"
              >
                <div
                  class="emotion-23 emotion-24"
                >
                  Confirmed
                </div>
              </span>
            </div>
          </div>
        </div>
      </div>
    </div>
  </div>
</div>
`;
