// Jest Snapshot v1, https://goo.gl/fbAQLP

exports[`<Textarea /> renders Textarea 1`] = `
[
  <style
    dangerouslySetInnerHTML={
      {
        "__html": "@media (max-width: 35.99375em) {.mantine-visible-from-xs {display: none !important;}}@media (min-width: 36em) {.mantine-hidden-from-xs {display: none !important;}}@media (max-width: 47.99375em) {.mantine-visible-from-sm {display: none !important;}}@media (min-width: 48em) {.mantine-hidden-from-sm {display: none !important;}}@media (max-width: 61.99375em) {.mantine-visible-from-md {display: none !important;}}@media (min-width: 62em) {.mantine-hidden-from-md {display: none !important;}}@media (max-width: 74.99375em) {.mantine-visible-from-lg {display: none !important;}}@media (min-width: 75em) {.mantine-hidden-from-lg {display: none !important;}}@media (max-width: 87.99375em) {.mantine-visible-from-xl {display: none !important;}}@media (min-width: 88em) {.mantine-hidden-from-xl {display: none !important;}}",
      }
    }
    data-mantine-styles="classes"
  />,
  <div
    className="m-46b77525 mantine-InputWrapper-root mantine-Textarea-root"
    style={
      {
        "display": "flex",
        "flexDirection": "column",
      }
    }
  >
    <label
      className="m-8fdc1311 mantine-InputWrapper-label mantine-Textarea-label"
      data-required={true}
      htmlFor="mantine-"
      id="mantine--label"
      onMouseDown={[Function]}
      style={
        {
          "color": "#000000",
          "order": -2,
        }
      }
    >
      Your comment
      <span
        aria-hidden={true}
        className="m-78a94662 mantine-InputWrapper-required mantine-Textarea-required"
        style={{}}
      >
         *
      </span>
    </label>
    <div
      className="m-6c018570 mantine-Input-wrapper mantine-Textarea-wrapper"
      data-multiline={true}
      data-variant="default"
      style={{}}
    >
      <textarea
        aria-invalid={false}
        className="m-8fb7ebe7 mantine-Input-input mantine-Textarea-input"
        data-variant="default"
        id="mantine-"
        placeholder="Your comment"
        style={
          {
            "order": -1,
          }
        }
      />
    </div>
  </div>,
]
`;
