// Jest Snapshot v1, https://goo.gl/fbAQLP

exports[`<EditableField /> renders Details 1`] = `
.emotion-1 {
  display: -webkit-box;
  display: -webkit-flex;
  display: -ms-flexbox;
  display: flex;
  -webkit-flex-direction: column;
  -ms-flex-direction: column;
  flex-direction: column;
  -webkit-align-items: stretch;
  -webkit-box-align: stretch;
  -ms-flex-align: stretch;
  align-items: stretch;
  -webkit-box-pack: start;
  -ms-flex-pack: start;
  -webkit-justify-content: flex-start;
  justify-content: flex-start;
  gap: 1rem;
  border-bottom: 1px solid #b4b4b4;
  padding-bottom: 20px;
  padding: 20px;
}

@media (max-width: 768px) {
  .emotion-1 {
    background-color: #fff;
    width: 100%;
    border-bottom: initial;
    padding-bottom: 2rem;
  }
}

@media (min-width: 88em) {
  .emotion-1 {
    padding: 20px 0;
  }
}

.emotion-2 {
  display: -webkit-box;
  display: -webkit-flex;
  display: -ms-flexbox;
  display: flex;
  -webkit-align-items: center;
  -webkit-box-align: center;
  -ms-flex-align: center;
  align-items: center;
  -webkit-box-pack: justify;
  -webkit-justify-content: space-between;
  justify-content: space-between;
  -webkit-flex-direction: row;
  -ms-flex-direction: row;
  flex-direction: row;
}

.emotion-3 {
  position: relative;
  display: block;
  color: #000000;
}

<div
  className="emotion-0 emotion-1"
>
  <div
    className="emotion-2"
  >
    <div
      className="emotion-3"
      color="#000000"
    >
      <h2
        style={
          {
            "margin": 0,
            "padding": 0,
          }
        }
      >
        This is a title
      </h2>
    </div>
    <a
      href=""
      onClick={[Function]}
      onMouseEnter={[Function]}
      onTouchStart={[Function]}
    >
       
      <test-file-stub />
    </a>
  </div>
  <div>
    Test
  </div>
</div>
`;
