// Jest Snapshot v1, https://goo.gl/fbAQLP

exports[`<SearchInput /> renders SearchInput 1`] = `
[
  <style
    dangerouslySetInnerHTML={
      {
        "__html": "@media (max-width: 35.99375em) {.mantine-visible-from-xs {display: none !important;}}@media (min-width: 36em) {.mantine-hidden-from-xs {display: none !important;}}@media (max-width: 47.99375em) {.mantine-visible-from-sm {display: none !important;}}@media (min-width: 48em) {.mantine-hidden-from-sm {display: none !important;}}@media (max-width: 61.99375em) {.mantine-visible-from-md {display: none !important;}}@media (min-width: 62em) {.mantine-hidden-from-md {display: none !important;}}@media (max-width: 74.99375em) {.mantine-visible-from-lg {display: none !important;}}@media (min-width: 75em) {.mantine-hidden-from-lg {display: none !important;}}@media (max-width: 87.99375em) {.mantine-visible-from-xl {display: none !important;}}@media (min-width: 88em) {.mantine-hidden-from-xl {display: none !important;}}",
      }
    }
    data-mantine-styles="classes"
  />,
  <div
    className="m-46b77525 mantine-InputWrapper-root mantine-TextInput-root"
    style={{}}
  >
    <div
      className="m-6c018570 mantine-Input-wrapper mantine-TextInput-wrapper"
      data-variant="default"
      data-with-right-section={true}
      style={{}}
    >
      <input
        aria-invalid={false}
        className="m-8fb7ebe7 mantine-Input-input mantine-TextInput-input"
        data-variant="default"
        id="mantine-"
        onChange={[MockFunction]}
        placeholder="Search for airport or lounge"
        style={
          {
            "backgroundcolor": "#fff",
            "bordercolor": "#ced4da",
            "height": "50px",
          }
        }
        value="Hello"
      />
      <div
        className="m-82577fc2 mantine-Input-section mantine-TextInput-section"
        data-position="right"
        style={{}}
      >
        <button
          aria-label="Clear"
          className="mantine-focus-auto mantine-active m-8d3f4000 mantine-ActionIcon-root m-87cf2631 mantine-UnstyledButton-root"
          onClick={[MockFunction]}
          style={
            {
              "color": "#000",
            }
          }
          type="button"
        >
          <test-file-stub />
        </button>
      </div>
    </div>
  </div>,
]
`;
