// Jest Snapshot v1, https://goo.gl/fbAQLP

exports[`<FieldLabel /> renders fieldlabel 1`] = `
[
  <style
    dangerouslySetInnerHTML={
      {
        "__html": "@media (max-width: 35.99375em) {.mantine-visible-from-xs {display: none !important;}}@media (min-width: 36em) {.mantine-hidden-from-xs {display: none !important;}}@media (max-width: 47.99375em) {.mantine-visible-from-sm {display: none !important;}}@media (min-width: 48em) {.mantine-hidden-from-sm {display: none !important;}}@media (max-width: 61.99375em) {.mantine-visible-from-md {display: none !important;}}@media (min-width: 62em) {.mantine-hidden-from-md {display: none !important;}}@media (max-width: 74.99375em) {.mantine-visible-from-lg {display: none !important;}}@media (min-width: 75em) {.mantine-hidden-from-lg {display: none !important;}}@media (max-width: 87.99375em) {.mantine-visible-from-xl {display: none !important;}}@media (min-width: 88em) {.mantine-hidden-from-xl {display: none !important;}}",
      }
    }
    data-mantine-styles="classes"
  />,
  .emotion-0 {
  border-radius: 10px;
  border: 1px solid #e9ecef;
  padding: 20px;
  margin-bottom: 10px;
}

<div
    className="emotion-0"
    onClick={[MockFunction]}
  >
    <h3>
      Time of arrival
    </h3>
    <p>
      test
    </p>
  </div>,
]
`;
